[2m11:21:11[22m [31m[1m[vite][22m[39m [31m[2m(client)[22m[39m Pre-transform error: Transform failed with 1 error:

[31m[PARSE_ERROR] Error:[0m Unexpected token
     [38;5;246m╭[0m[38;5;246m─[0m[38;5;246m[[0m src/data/modules/teclados.js:389:1 [38;5;246m][0m
     [38;5;246m│[0m
 [38;5;246m389 │[0m }[38;5;249m;[0m
 [38;5;240m    │[0m ┬  
 [38;5;240m    │[0m ╰── 
[38;5;246m─────╯[0m

  Plugin: [35mvite:oxc[39m
  File: [36mC:/Users/emilly.kerber/Downloads/Grupos de Produtos/Grupos de Produtos/PortalTreinamentos/src/data/modules/teclados.js[39m
[2m11:21:11[22m [31m[1m[vite][22m[39m [31m[2m(client)[22m[39m Pre-transform error: Transform failed with 1 error:

[31m[PARSE_ERROR] Error:[0m Unexpected token
     [38;5;246m╭[0m[38;5;246m─[0m[38;5;246m[[0m src/data/modules/fontes.js:389:1 [38;5;246m][0m
     [38;5;246m│[0m
 [38;5;246m389 │[0m }[38;5;249m;[0m
 [38;5;240m    │[0m ┬  
 [38;5;240m    │[0m ╰── 
[38;5;246m─────╯[0m

  Plugin: [35mvite:oxc[39m
  File: [36mC:/Users/emilly.kerber/Downloads/Grupos de Produtos/Grupos de Produtos/PortalTreinamentos/src/data/modules/fontes.js[39m
[2m11:21:11[22m [31m[1m[vite][22m[39m [31m[2m(client)[22m[39m Pre-transform error: Transform failed with 1 error:

[31m[PARSE_ERROR] Error:[0m Unexpected token
     [38;5;246m╭[0m[38;5;246m─[0m[38;5;246m[[0m src/data/modules/ssd.js:381:1 [38;5;246m][0m
     [38;5;246m│[0m
 [38;5;246m381 │[0m }[38;5;249m;[0m
 [38;5;240m    │[0m ┬  
 [38;5;240m    │[0m ╰── 
[38;5;246m─────╯[0m

  Plugin: [35mvite:oxc[39m
  File: [36mC:/Users/emilly.kerber/Downloads/Grupos de Produtos/Grupos de Produtos/PortalTreinamentos/src/data/modules/ssd.js[39m
[2m11:21:11[22m [31m[1m[vite][22m[39m [31m[2m(client)[22m[39m Pre-transform error: Transform failed with 1 error:

[31m[PARSE_ERROR] Error:[0m Unexpected token
     [38;5;246m╭[0m[38;5;246m─[0m[38;5;246m[[0m src/data/modules/avaliacaoFinal.js:397:1 [38;5;246m][0m
     [38;5;246m│[0m
 [38;5;246m397 │[0m }[38;5;249m;[0m
 [38;5;240m    │[0m ┬  
 [38;5;240m    │[0m ╰── 
[38;5;246m─────╯[0m

  Plugin: [35mvite:oxc[39m
  File: [36mC:/Users/emilly.kerber/Downloads/Grupos de Produtos/Grupos de Produtos/PortalTreinamentos/src/data/modules/avaliacaoFinal.js[39m
[2m11:21:11[22m [31m[1m[vite][22m[39m [31m[2m(client)[22m[39m Pre-transform error: Transform failed with 1 error:

[31m[PARSE_ERROR] Error:[0m Unexpected token
     [38;5;246m╭[0m[38;5;246m─[0m[38;5;246m[[0m src/data/modules/baterias.js:472:1 [38;5;246m][0m
     [38;5;246m│[0m
 [38;5;246m472 │[0m }[38;5;249m;[0m
 [38;5;240m    │[0m ┬  
 [38;5;240m    │[0m ╰── 
[38;5;246m─────╯[0m

  Plugin: [35mvite:oxc[39m
  File: [36mC:/Users/emilly.kerber/Downloads/Grupos de Produtos/Grupos de Produtos/PortalTreinamentos/src/data/modules/baterias.js[39m
[2m11:21:11[22m [31m[1m[vite][22m[39m [31m[2m(client)[22m[39m Pre-transform error: Transform failed with 1 error:

[31m[PARSE_ERROR] Error:[0m Unexpected token
     [38;5;246m╭[0m[38;5;246m─[0m[38;5;246m[[0m src/data/modules/telas.js:559:1 [38;5;246m][0m
     [38;5;246m│[0m
 [38;5;246m559 │[0m }[38;5;249m;[0m
 [38;5;240m    │[0m ┬  
 [38;5;240m    │[0m ╰── 
[38;5;246m─────╯[0m

  Plugin: [35mvite:oxc[39m
  File: [36mC:/Users/emilly.kerber/Downloads/Grupos de Produtos/Grupos de Produtos/PortalTreinamentos/src/data/modules/telas.js[39m
[2m11:21:11[22m [31m[1m[vite][22m[39m [31m[2m(client)[22m[39m Pre-transform error: Transform failed with 1 error:

[31m[PARSE_ERROR] Error:[0m Unexpected token
     [38;5;246m╭[0m[38;5;246m─[0m[38;5;246m[[0m src/data/modules/memorias.js:377:1 [38;5;246m][0m
     [38;5;246m│[0m
 [38;5;246m377 │[0m }[38;5;249m;[0m
 [38;5;240m    │[0m ┬  
 [38;5;240m    │[0m ╰── 
[38;5;246m─────╯[0m

  Plugin: [35mvite:oxc[39m
  File: [36mC:/Users/emilly.kerber/Downloads/Grupos de Produtos/Grupos de Produtos/PortalTreinamentos/src/data/modules/memorias.js[39m
[2m11:21:11[22m [31m[1m[vite][22m[39m [31mInternal server error: Transform failed with 1 error:

[31m[PARSE_ERROR] Error:[0m Unexpected token
     [38;5;246m╭[0m[38;5;246m─[0m[38;5;246m[[0m src/data/modules/baterias.js:472:1 [38;5;246m][0m
     [38;5;246m│[0m
 [38;5;246m472 │[0m }[38;5;249m;[0m
 [38;5;240m    │[0m ┬  
 [38;5;240m    │[0m ╰── 
[38;5;246m─────╯[0m
[39m
  Plugin: [35mvite:oxc[39m
  File: [36mC:/Users/emilly.kerber/Downloads/Grupos de Produtos/Grupos de Produtos/PortalTreinamentos/src/data/modules/baterias.js[39m
      at transformWithOxc (file:///C:/Users/emilly.kerber/Downloads/Grupos%20de%20Produtos/Grupos%20de%20Produtos/PortalTreinamentos/node_modules/vite/dist/node/chunks/node.js:3340:19)
      at TransformPluginContext.transform (file:///C:/Users/emilly.kerber/Downloads/Grupos%20de%20Produtos/Grupos%20de%20Produtos/PortalTreinamentos/node_modules/vite/dist/node/chunks/node.js:3408:26)
      at EnvironmentPluginContainer.transform (file:///C:/Users/emilly.kerber/Downloads/Grupos%20de%20Produtos/Grupos%20de%20Produtos/PortalTreinamentos/node_modules/vite/dist/node/chunks/node.js:30193:51)
      at async loadAndTransform (file:///C:/Users/emilly.kerber/Downloads/Grupos%20de%20Produtos/Grupos%20de%20Produtos/PortalTreinamentos/node_modules/vite/dist/node/chunks/node.js:24511:26)
      at async viteTransformMiddleware (file:///C:/Users/emilly.kerber/Downloads/Grupos%20de%20Produtos/Grupos%20de%20Produtos/PortalTreinamentos/node_modules/vite/dist/node/chunks/node.js:24305:20)
[2m11:21:11[22m [31m[1m[vite][22m[39m [31mInternal server error: Transform failed with 1 error:

[31m[PARSE_ERROR] Error:[0m Unexpected token
     [38;5;246m╭[0m[38;5;246m─[0m[38;5;246m[[0m src/data/modules/teclados.js:389:1 [38;5;246m][0m
     [38;5;246m│[0m
 [38;5;246m389 │[0m }[38;5;249m;[0m
 [38;5;240m    │[0m ┬  
 [38;5;240m    │[0m ╰── 
[38;5;246m─────╯[0m
[39m
  Plugin: [35mvite:oxc[39m
  File: [36mC:/Users/emilly.kerber/Downloads/Grupos de Produtos/Grupos de Produtos/PortalTreinamentos/src/data/modules/teclados.js[39m
      at transformWithOxc (file:///C:/Users/emilly.kerber/Downloads/Grupos%20de%20Produtos/Grupos%20de%20Produtos/PortalTreinamentos/node_modules/vite/dist/node/chunks/node.js:3340:19)
      at TransformPluginContext.transform (file:///C:/Users/emilly.kerber/Downloads/Grupos%20de%20Produtos/Grupos%20de%20Produtos/PortalTreinamentos/node_modules/vite/dist/node/chunks/node.js:3408:26)
      at EnvironmentPluginContainer.transform (file:///C:/Users/emilly.kerber/Downloads/Grupos%20de%20Produtos/Grupos%20de%20Produtos/PortalTreinamentos/node_modules/vite/dist/node/chunks/node.js:30193:51)
      at async loadAndTransform (file:///C:/Users/emilly.kerber/Downloads/Grupos%20de%20Produtos/Grupos%20de%20Produtos/PortalTreinamentos/node_modules/vite/dist/node/chunks/node.js:24511:26)
      at async viteTransformMiddleware (file:///C:/Users/emilly.kerber/Downloads/Grupos%20de%20Produtos/Grupos%20de%20Produtos/PortalTreinamentos/node_modules/vite/dist/node/chunks/node.js:24305:20)
[2m11:21:11[22m [31m[1m[vite][22m[39m [31mInternal server error: Transform failed with 1 error:

[31m[PARSE_ERROR] Error:[0m Unexpected token
     [38;5;246m╭[0m[38;5;246m─[0m[38;5;246m[[0m src/data/modules/fontes.js:389:1 [38;5;246m][0m
     [38;5;246m│[0m
 [38;5;246m389 │[0m }[38;5;249m;[0m
 [38;5;240m    │[0m ┬  
 [38;5;240m    │[0m ╰── 
[38;5;246m─────╯[0m
[39m
  Plugin: [35mvite:oxc[39m
  File: [36mC:/Users/emilly.kerber/Downloads/Grupos de Produtos/Grupos de Produtos/PortalTreinamentos/src/data/modules/fontes.js[39m
      at transformWithOxc (file:///C:/Users/emilly.kerber/Downloads/Grupos%20de%20Produtos/Grupos%20de%20Produtos/PortalTreinamentos/node_modules/vite/dist/node/chunks/node.js:3340:19)
      at TransformPluginContext.transform (file:///C:/Users/emilly.kerber/Downloads/Grupos%20de%20Produtos/Grupos%20de%20Produtos/PortalTreinamentos/node_modules/vite/dist/node/chunks/node.js:3408:26)
      at EnvironmentPluginContainer.transform (file:///C:/Users/emilly.kerber/Downloads/Grupos%20de%20Produtos/Grupos%20de%20Produtos/PortalTreinamentos/node_modules/vite/dist/node/chunks/node.js:30193:51)
      at async loadAndTransform (file:///C:/Users/emilly.kerber/Downloads/Grupos%20de%20Produtos/Grupos%20de%20Produtos/PortalTreinamentos/node_modules/vite/dist/node/chunks/node.js:24511:26)
      at async viteTransformMiddleware (file:///C:/Users/emilly.kerber/Downloads/Grupos%20de%20Produtos/Grupos%20de%20Produtos/PortalTreinamentos/node_modules/vite/dist/node/chunks/node.js:24305:20)
[2m11:21:11[22m [31m[1m[vite][22m[39m [31mInternal server error: Transform failed with 1 error:

[31m[PARSE_ERROR] Error:[0m Unexpected token
     [38;5;246m╭[0m[38;5;246m─[0m[38;5;246m[[0m src/data/modules/ssd.js:381:1 [38;5;246m][0m
     [38;5;246m│[0m
 [38;5;246m381 │[0m }[38;5;249m;[0m
 [38;5;240m    │[0m ┬  
 [38;5;240m    │[0m ╰── 
[38;5;246m─────╯[0m
[39m
  Plugin: [35mvite:oxc[39m
  File: [36mC:/Users/emilly.kerber/Downloads/Grupos de Produtos/Grupos de Produtos/PortalTreinamentos/src/data/modules/ssd.js[39m
      at transformWithOxc (file:///C:/Users/emilly.kerber/Downloads/Grupos%20de%20Produtos/Grupos%20de%20Produtos/PortalTreinamentos/node_modules/vite/dist/node/chunks/node.js:3340:19)
      at TransformPluginContext.transform (file:///C:/Users/emilly.kerber/Downloads/Grupos%20de%20Produtos/Grupos%20de%20Produtos/PortalTreinamentos/node_modules/vite/dist/node/chunks/node.js:3408:26)
      at EnvironmentPluginContainer.transform (file:///C:/Users/emilly.kerber/Downloads/Grupos%20de%20Produtos/Grupos%20de%20Produtos/PortalTreinamentos/node_modules/vite/dist/node/chunks/node.js:30193:51)
      at async loadAndTransform (file:///C:/Users/emilly.kerber/Downloads/Grupos%20de%20Produtos/Grupos%20de%20Produtos/PortalTreinamentos/node_modules/vite/dist/node/chunks/node.js:24511:26)
      at async viteTransformMiddleware (file:///C:/Users/emilly.kerber/Downloads/Grupos%20de%20Produtos/Grupos%20de%20Produtos/PortalTreinamentos/node_modules/vite/dist/node/chunks/node.js:24305:20)
[2m11:21:11[22m [31m[1m[vite][22m[39m [31mInternal server error: Transform failed with 1 error:

[31m[PARSE_ERROR] Error:[0m Unexpected token
     [38;5;246m╭[0m[38;5;246m─[0m[38;5;246m[[0m src/data/modules/memorias.js:377:1 [38;5;246m][0m
     [38;5;246m│[0m
 [38;5;246m377 │[0m }[38;5;249m;[0m
 [38;5;240m    │[0m ┬  
 [38;5;240m    │[0m ╰── 
[38;5;246m─────╯[0m
[39m
  Plugin: [35mvite:oxc[39m
  File: [36mC:/Users/emilly.kerber/Downloads/Grupos de Produtos/Grupos de Produtos/PortalTreinamentos/src/data/modules/memorias.js[39m
      at transformWithOxc (file:///C:/Users/emilly.kerber/Downloads/Grupos%20de%20Produtos/Grupos%20de%20Produtos/PortalTreinamentos/node_modules/vite/dist/node/chunks/node.js:3340:19)
      at TransformPluginContext.transform (file:///C:/Users/emilly.kerber/Downloads/Grupos%20de%20Produtos/Grupos%20de%20Produtos/PortalTreinamentos/node_modules/vite/dist/node/chunks/node.js:3408:26)
      at EnvironmentPluginContainer.transform (file:///C:/Users/emilly.kerber/Downloads/Grupos%20de%20Produtos/Grupos%20de%20Produtos/PortalTreinamentos/node_modules/vite/dist/node/chunks/node.js:30193:51)
      at async loadAndTransform (file:///C:/Users/emilly.kerber/Downloads/Grupos%20de%20Produtos/Grupos%20de%20Produtos/PortalTreinamentos/node_modules/vite/dist/node/chunks/node.js:24511:26)
      at async viteTransformMiddleware (file:///C:/Users/emilly.kerber/Downloads/Grupos%20de%20Produtos/Grupos%20de%20Produtos/PortalTreinamentos/node_modules/vite/dist/node/chunks/node.js:24305:20)
[2m11:21:11[22m [31m[1m[vite][22m[39m [31mInternal server error: Transform failed with 1 error:

[31m[PARSE_ERROR] Error:[0m Unexpected token
     [38;5;246m╭[0m[38;5;246m─[0m[38;5;246m[[0m src/data/modules/telas.js:559:1 [38;5;246m][0m
     [38;5;246m│[0m
 [38;5;246m559 │[0m }[38;5;249m;[0m
 [38;5;240m    │[0m ┬  
 [38;5;240m    │[0m ╰── 
[38;5;246m─────╯[0m
[39m
  Plugin: [35mvite:oxc[39m
  File: [36mC:/Users/emilly.kerber/Downloads/Grupos de Produtos/Grupos de Produtos/PortalTreinamentos/src/data/modules/telas.js[39m
      at transformWithOxc (file:///C:/Users/emilly.kerber/Downloads/Grupos%20de%20Produtos/Grupos%20de%20Produtos/PortalTreinamentos/node_modules/vite/dist/node/chunks/node.js:3340:19)
      at TransformPluginContext.transform (file:///C:/Users/emilly.kerber/Downloads/Grupos%20de%20Produtos/Grupos%20de%20Produtos/PortalTreinamentos/node_modules/vite/dist/node/chunks/node.js:3408:26)
      at EnvironmentPluginContainer.transform (file:///C:/Users/emilly.kerber/Downloads/Grupos%20de%20Produtos/Grupos%20de%20Produtos/PortalTreinamentos/node_modules/vite/dist/node/chunks/node.js:30193:51)
      at async loadAndTransform (file:///C:/Users/emilly.kerber/Downloads/Grupos%20de%20Produtos/Grupos%20de%20Produtos/PortalTreinamentos/node_modules/vite/dist/node/chunks/node.js:24511:26)
      at async viteTransformMiddleware (file:///C:/Users/emilly.kerber/Downloads/Grupos%20de%20Produtos/Grupos%20de%20Produtos/PortalTreinamentos/node_modules/vite/dist/node/chunks/node.js:24305:20)
[2m11:21:11[22m [31m[1m[vite][22m[39m [31m[2m(client)[22m[39m [2m[console.error] [22m[vite] Failed to reload /src/pages/Lesson.jsx. This could be due to syntax errors or importing non-existent modules. (see errors above)
[2m11:21:11[22m [31m[1m[vite][22m[39m [31m[2m(client)[22m[39m [2m[console.error] [22m[vite] Failed to reload /src/pages/Trainings.jsx. This could be due to syntax errors or importing non-existent modules. (see errors above)
[2m11:21:11[22m [31m[1m[vite][22m[39m [31m[2m(client)[22m[39m [2m[console.error] [22m[vite] Failed to reload /src/pages/AdminProgress.jsx. This could be due to syntax errors or importing non-existent modules. (see errors above)
[2m11:21:11[22m [31m[1m[vite][22m[39m [31m[2m(client)[22m[39m [2m[console.error] [22m[vite] Failed to reload /src/pages/ModuleDetail.jsx. This could be due to syntax errors or importing non-existent modules. (see errors above)
[2m11:21:11[22m [31m[1m[vite][22m[39m [31m[2m(client)[22m[39m [2m[console.error] [22m[vite] Failed to reload /src/pages/Dashboard.jsx. This could be due to syntax errors or importing non-existent modules. (see errors above)
[2m11:21:11[22m [31m[1m[vite][22m[39m [31mInternal server error: Transform failed with 1 error:

[31m[PARSE_ERROR] Error:[0m Unexpected token
     [38;5;246m╭[0m[38;5;246m─[0m[38;5;246m[[0m src/data/modules/avaliacaoFinal.js:397:1 [38;5;246m][0m
     [38;5;246m│[0m
 [38;5;246m397 │[0m }[38;5;249m;[0m
 [38;5;240m    │[0m ┬  
 [38;5;240m    │[0m ╰── 
[38;5;246m─────╯[0m
[39m
  Plugin: [35mvite:oxc[39m
  File: [36mC:/Users/emilly.kerber/Downloads/Grupos de Produtos/Grupos de Produtos/PortalTreinamentos/src/data/modules/avaliacaoFinal.js[39m
      at transformWithOxc (file:///C:/Users/emilly.kerber/Downloads/Grupos%20de%20Produtos/Grupos%20de%20Produtos/PortalTreinamentos/node_modules/vite/dist/node/chunks/node.js:3340:19)
      at TransformPluginContext.transform (file:///C:/Users/emilly.kerber/Downloads/Grupos%20de%20Produtos/Grupos%20de%20Produtos/PortalTreinamentos/node_modules/vite/dist/node/chunks/node.js:3408:26)
      at EnvironmentPluginContainer.transform (file:///C:/Users/emilly.kerber/Downloads/Grupos%20de%20Produtos/Grupos%20de%20Produtos/PortalTreinamentos/node_modules/vite/dist/node/chunks/node.js:30193:51)
      at async loadAndTransform (file:///C:/Users/emilly.kerber/Downloads/Grupos%20de%20Produtos/Grupos%20de%20Produtos/PortalTreinamentos/node_modules/vite/dist/node/chunks/node.js:24511:26)
      at async viteTransformMiddleware (file:///C:/Users/emilly.kerber/Downloads/Grupos%20de%20Produtos/Grupos%20de%20Produtos/PortalTreinamentos/node_modules/vite/dist/node/chunks/node.js:24305:20)
[2m11:21:11[22m [31m[1m[vite][22m[39m [31mInternal server error: Transform failed with 1 error:

[31m[PARSE_ERROR] Error:[0m Unexpected token
     [38;5;246m╭[0m[38;5;246m─[0m[38;5;246m[[0m src/data/modules/baterias.js:472:1 [38;5;246m][0m
     [38;5;246m│[0m
 [38;5;246m472 │[0m }[38;5;249m;[0m
 [38;5;240m    │[0m ┬  
 [38;5;240m    │[0m ╰── 
[38;5;246m─────╯[0m
[39m
  Plugin: [35mvite:oxc[39m
  File: [36mC:/Users/emilly.kerber/Downloads/Grupos de Produtos/Grupos de Produtos/PortalTreinamentos/src/data/modules/baterias.js[39m
      at transformWithOxc (file:///C:/Users/emilly.kerber/Downloads/Grupos%20de%20Produtos/Grupos%20de%20Produtos/PortalTreinamentos/node_modules/vite/dist/node/chunks/node.js:3340:19)
      at TransformPluginContext.transform (file:///C:/Users/emilly.kerber/Downloads/Grupos%20de%20Produtos/Grupos%20de%20Produtos/PortalTreinamentos/node_modules/vite/dist/node/chunks/node.js:3408:26)
      at EnvironmentPluginContainer.transform (file:///C:/Users/emilly.kerber/Downloads/Grupos%20de%20Produtos/Grupos%20de%20Produtos/PortalTreinamentos/node_modules/vite/dist/node/chunks/node.js:30193:51)
      at async loadAndTransform (file:///C:/Users/emilly.kerber/Downloads/Grupos%20de%20Produtos/Grupos%20de%20Produtos/PortalTreinamentos/node_modules/vite/dist/node/chunks/node.js:24511:26)
      at async viteTransformMiddleware (file:///C:/Users/emilly.kerber/Downloads/Grupos%20de%20Produtos/Grupos%20de%20Produtos/PortalTreinamentos/node_modules/vite/dist/node/chunks/node.js:24305:20)
[2m11:21:11[22m [31m[1m[vite][22m[39m [31mInternal server error: Transform failed with 1 error:

[31m[PARSE_ERROR] Error:[0m Unexpected token
     [38;5;246m╭[0m[38;5;246m─[0m[38;5;246m[[0m src/data/modules/fontes.js:389:1 [38;5;246m][0m
     [38;5;246m│[0m
 [38;5;246m389 │[0m }[38;5;249m;[0m
 [38;5;240m    │[0m ┬  
 [38;5;240m    │[0m ╰── 
[38;5;246m─────╯[0m
[39m
  Plugin: [35mvite:oxc[39m
  File: [36mC:/Users/emilly.kerber/Downloads/Grupos de Produtos/Grupos de Produtos/PortalTreinamentos/src/data/modules/fontes.js[39m
      at transformWithOxc (file:///C:/Users/emilly.kerber/Downloads/Grupos%20de%20Produtos/Grupos%20de%20Produtos/PortalTreinamentos/node_modules/vite/dist/node/chunks/node.js:3340:19)
      at TransformPluginContext.transform (file:///C:/Users/emilly.kerber/Downloads/Grupos%20de%20Produtos/Grupos%20de%20Produtos/PortalTreinamentos/node_modules/vite/dist/node/chunks/node.js:3408:26)
      at EnvironmentPluginContainer.transform (file:///C:/Users/emilly.kerber/Downloads/Grupos%20de%20Produtos/Grupos%20de%20Produtos/PortalTreinamentos/node_modules/vite/dist/node/chunks/node.js:30193:51)
      at async loadAndTransform (file:///C:/Users/emilly.kerber/Downloads/Grupos%20de%20Produtos/Grupos%20de%20Produtos/PortalTreinamentos/node_modules/vite/dist/node/chunks/node.js:24511:26)
      at async viteTransformMiddleware (file:///C:/Users/emilly.kerber/Downloads/Grupos%20de%20Produtos/Grupos%20de%20Produtos/PortalTreinamentos/node_modules/vite/dist/node/chunks/node.js:24305:20)
[2m11:21:11[22m [31m[1m[vite][22m[39m [31m[2m(client)[22m[39m [2m[console.error] [22m[vite] Failed to reload /src/pages/Lesson.jsx. This could be due to syntax errors or importing non-existent modules. (see errors above)
[2m11:21:11[22m [31m[1m[vite][22m[39m [31m[2m(client)[22m[39m [2m[console.error] [22m[vite] Failed to reload /src/pages/ModuleDetail.jsx. This could be due to syntax errors or importing non-existent modules. (see errors above)
[2m11:21:11[22m [31m[1m[vite][22m[39m [31m[2m(client)[22m[39m [2m[console.error] [22m[vite] Failed to reload /src/pages/Trainings.jsx. This could be due to syntax errors or importing non-existent modules. (see errors above)
[2m11:21:11[22m [31m[1m[vite][22m[39m [31m[2m(client)[22m[39m [2m[console.error] [22m[vite] Failed to reload /src/pages/Dashboard.jsx. This could be due to syntax errors or importing non-existent modules. (see errors above)
[2m11:21:11[22m [31m[1m[vite][22m[39m [31m[2m(client)[22m[39m [2m[console.error] [22m[vite] Failed to reload /src/pages/AdminProgress.jsx. This could be due to syntax errors or importing non-existent modules. (see errors above)
[2m11:21:11[22m [31m[1m[vite][22m[39m [31mInternal server error: Transform failed with 1 error:

[31m[PARSE_ERROR] Error:[0m Unexpected token
     [38;5;246m╭[0m[38;5;246m─[0m[38;5;246m[[0m src/data/modules/telas.js:559:1 [38;5;246m][0m
     [38;5;246m│[0m
 [38;5;246m559 │[0m }[38;5;249m;[0m
 [38;5;240m    │[0m ┬  
 [38;5;240m    │[0m ╰── 
[38;5;246m─────╯[0m
[39m
  Plugin: [35mvite:oxc[39m
  File: [36mC:/Users/emilly.kerber/Downloads/Grupos de Produtos/Grupos de Produtos/PortalTreinamentos/src/data/modules/telas.js[39m
      at transformWithOxc (file:///C:/Users/emilly.kerber/Downloads/Grupos%20de%20Produtos/Grupos%20de%20Produtos/PortalTreinamentos/node_modules/vite/dist/node/chunks/node.js:3340:19)
      at TransformPluginContext.transform (file:///C:/Users/emilly.kerber/Downloads/Grupos%20de%20Produtos/Grupos%20de%20Produtos/PortalTreinamentos/node_modules/vite/dist/node/chunks/node.js:3408:26)
      at EnvironmentPluginContainer.transform (file:///C:/Users/emilly.kerber/Downloads/Grupos%20de%20Produtos/Grupos%20de%20Produtos/PortalTreinamentos/node_modules/vite/dist/node/chunks/node.js:30193:51)
      at async loadAndTransform (file:///C:/Users/emilly.kerber/Downloads/Grupos%20de%20Produtos/Grupos%20de%20Produtos/PortalTreinamentos/node_modules/vite/dist/node/chunks/node.js:24511:26)
      at async viteTransformMiddleware (file:///C:/Users/emilly.kerber/Downloads/Grupos%20de%20Produtos/Grupos%20de%20Produtos/PortalTreinamentos/node_modules/vite/dist/node/chunks/node.js:24305:20)
[2m11:21:11[22m [31m[1m[vite][22m[39m [31mInternal server error: Transform failed with 1 error:

[31m[PARSE_ERROR] Error:[0m Unexpected token
     [38;5;246m╭[0m[38;5;246m─[0m[38;5;246m[[0m src/data/modules/teclados.js:389:1 [38;5;246m][0m
     [38;5;246m│[0m
 [38;5;246m389 │[0m }[38;5;249m;[0m
 [38;5;240m    │[0m ┬  
 [38;5;240m    │[0m ╰── 
[38;5;246m─────╯[0m
[39m
  Plugin: [35mvite:oxc[39m
  File: [36mC:/Users/emilly.kerber/Downloads/Grupos de Produtos/Grupos de Produtos/PortalTreinamentos/src/data/modules/teclados.js[39m
      at transformWithOxc (file:///C:/Users/emilly.kerber/Downloads/Grupos%20de%20Produtos/Grupos%20de%20Produtos/PortalTreinamentos/node_modules/vite/dist/node/chunks/node.js:3340:19)
      at TransformPluginContext.transform (file:///C:/Users/emilly.kerber/Downloads/Grupos%20de%20Produtos/Grupos%20de%20Produtos/PortalTreinamentos/node_modules/vite/dist/node/chunks/node.js:3408:26)
      at EnvironmentPluginContainer.transform (file:///C:/Users/emilly.kerber/Downloads/Grupos%20de%20Produtos/Grupos%20de%20Produtos/PortalTreinamentos/node_modules/vite/dist/node/chunks/node.js:30193:51)
      at async loadAndTransform (file:///C:/Users/emilly.kerber/Downloads/Grupos%20de%20Produtos/Grupos%20de%20Produtos/PortalTreinamentos/node_modules/vite/dist/node/chunks/node.js:24511:26)
      at async viteTransformMiddleware (file:///C:/Users/emilly.kerber/Downloads/Grupos%20de%20Produtos/Grupos%20de%20Produtos/PortalTreinamentos/node_modules/vite/dist/node/chunks/node.js:24305:20)
[2m11:21:11[22m [31m[1m[vite][22m[39m [31mInternal server error: Transform failed with 1 error:

[31m[PARSE_ERROR] Error:[0m Unexpected token
     [38;5;246m╭[0m[38;5;246m─[0m[38;5;246m[[0m src/data/modules/memorias.js:377:1 [38;5;246m][0m
     [38;5;246m│[0m
 [38;5;246m377 │[0m }[38;5;249m;[0m
 [38;5;240m    │[0m ┬  
 [38;5;240m    │[0m ╰── 
[38;5;246m─────╯[0m
[39m
  Plugin: [35mvite:oxc[39m
  File: [36mC:/Users/emilly.kerber/Downloads/Grupos de Produtos/Grupos de Produtos/PortalTreinamentos/src/data/modules/memorias.js[39m
      at transformWithOxc (file:///C:/Users/emilly.kerber/Downloads/Grupos%20de%20Produtos/Grupos%20de%20Produtos/PortalTreinamentos/node_modules/vite/dist/node/chunks/node.js:3340:19)
      at TransformPluginContext.transform (file:///C:/Users/emilly.kerber/Downloads/Grupos%20de%20Produtos/Grupos%20de%20Produtos/PortalTreinamentos/node_modules/vite/dist/node/chunks/node.js:3408:26)
      at EnvironmentPluginContainer.transform (file:///C:/Users/emilly.kerber/Downloads/Grupos%20de%20Produtos/Grupos%20de%20Produtos/PortalTreinamentos/node_modules/vite/dist/node/chunks/node.js:30193:51)
      at async loadAndTransform (file:///C:/Users/emilly.kerber/Downloads/Grupos%20de%20Produtos/Grupos%20de%20Produtos/PortalTreinamentos/node_modules/vite/dist/node/chunks/node.js:24511:26)
      at async viteTransformMiddleware (file:///C:/Users/emilly.kerber/Downloads/Grupos%20de%20Produtos/Grupos%20de%20Produtos/PortalTreinamentos/node_modules/vite/dist/node/chunks/node.js:24305:20)
[2m11:21:11[22m [31m[1m[vite][22m[39m [31mInternal server error: Transform failed with 1 error:

[31m[PARSE_ERROR] Error:[0m Unexpected token
     [38;5;246m╭[0m[38;5;246m─[0m[38;5;246m[[0m src/data/modules/ssd.js:381:1 [38;5;246m][0m
     [38;5;246m│[0m
 [38;5;246m381 │[0m }[38;5;249m;[0m
 [38;5;240m    │[0m ┬  
 [38;5;240m    │[0m ╰── 
[38;5;246m─────╯[0m
[39m
  Plugin: [35mvite:oxc[39m
  File: [36mC:/Users/emilly.kerber/Downloads/Grupos de Produtos/Grupos de Produtos/PortalTreinamentos/src/data/modules/ssd.js[39m
      at transformWithOxc (file:///C:/Users/emilly.kerber/Downloads/Grupos%20de%20Produtos/Grupos%20de%20Produtos/PortalTreinamentos/node_modules/vite/dist/node/chunks/node.js:3340:19)
      at TransformPluginContext.transform (file:///C:/Users/emilly.kerber/Downloads/Grupos%20de%20Produtos/Grupos%20de%20Produtos/PortalTreinamentos/node_modules/vite/dist/node/chunks/node.js:3408:26)
      at EnvironmentPluginContainer.transform (file:///C:/Users/emilly.kerber/Downloads/Grupos%20de%20Produtos/Grupos%20de%20Produtos/PortalTreinamentos/node_modules/vite/dist/node/chunks/node.js:30193:51)
      at async loadAndTransform (file:///C:/Users/emilly.kerber/Downloads/Grupos%20de%20Produtos/Grupos%20de%20Produtos/PortalTreinamentos/node_modules/vite/dist/node/chunks/node.js:24511:26)
      at async viteTransformMiddleware (file:///C:/Users/emilly.kerber/Downloads/Grupos%20de%20Produtos/Grupos%20de%20Produtos/PortalTreinamentos/node_modules/vite/dist/node/chunks/node.js:24305:20)
[2m11:21:11[22m [31m[1m[vite][22m[39m [31mInternal server error: Transform failed with 1 error:

[31m[PARSE_ERROR] Error:[0m Unexpected token
     [38;5;246m╭[0m[38;5;246m─[0m[38;5;246m[[0m src/data/modules/avaliacaoFinal.js:397:1 [38;5;246m][0m
     [38;5;246m│[0m
 [38;5;246m397 │[0m }[38;5;249m;[0m
 [38;5;240m    │[0m ┬  
 [38;5;240m    │[0m ╰── 
[38;5;246m─────╯[0m
[39m
  Plugin: [35mvite:oxc[39m
  File: [36mC:/Users/emilly.kerber/Downloads/Grupos de Produtos/Grupos de Produtos/PortalTreinamentos/src/data/modules/avaliacaoFinal.js[39m
      at transformWithOxc (file:///C:/Users/emilly.kerber/Downloads/Grupos%20de%20Produtos/Grupos%20de%20Produtos/PortalTreinamentos/node_modules/vite/dist/node/chunks/node.js:3340:19)
      at TransformPluginContext.transform (file:///C:/Users/emilly.kerber/Downloads/Grupos%20de%20Produtos/Grupos%20de%20Produtos/PortalTreinamentos/node_modules/vite/dist/node/chunks/node.js:3408:26)
      at EnvironmentPluginContainer.transform (file:///C:/Users/emilly.kerber/Downloads/Grupos%20de%20Produtos/Grupos%20de%20Produtos/PortalTreinamentos/node_modules/vite/dist/node/chunks/node.js:30193:51)
      at async loadAndTransform (file:///C:/Users/emilly.kerber/Downloads/Grupos%20de%20Produtos/Grupos%20de%20Produtos/PortalTreinamentos/node_modules/vite/dist/node/chunks/node.js:24511:26)
      at async viteTransformMiddleware (file:///C:/Users/emilly.kerber/Downloads/Grupos%20de%20Produtos/Grupos%20de%20Produtos/PortalTreinamentos/node_modules/vite/dist/node/chunks/node.js:24305:20)
[2m13:37:47[22m [31m[1m[vite][22m[39m [31m[2m(client)[22m[39m Pre-transform error: Transform failed with 1 error:

[31m[PARSE_ERROR] Error:[0m Expected `,` or `]` but found `}`
     [38;5;246m╭[0m[38;5;246m─[0m[38;5;246m[[0m src/data/modules/avaliacaoFinal.js:896:5 [38;5;246m][0m
     [38;5;246m│[0m
 [38;5;246m  7 │[0m [38;5;249m [0m[38;5;249m [0m[38;5;249ml[0m[38;5;249me[0m[38;5;249mv[0m[38;5;249me[0m[38;5;249ml[0m[38;5;249ms[0m[38;5;249m:[0m[38;5;249m [0m[
 [38;5;240m    │[0m           ┬  
 [38;5;240m    │[0m           ╰── Opened here
 [38;5;240m    │[0m 
 [38;5;246m896 │[0m [38;5;249m [0m[38;5;249m [0m[38;5;249m [0m[38;5;249m [0m}
 [38;5;240m    │[0m     ┬  
 [38;5;240m    │[0m     ╰── `,` or `]` expected
[38;5;246m─────╯[0m

  Plugin: [35mvite:oxc[39m
  File: [36mC:/Users/emilly.kerber/Downloads/Grupos de Produtos/Grupos de Produtos/PortalTreinamentos/src/data/modules/avaliacaoFinal.js[39m
[2m13:37:47[22m [31m[1m[vite][22m[39m [31mInternal server error: Transform failed with 1 error:

[31m[PARSE_ERROR] Error:[0m Expected `,` or `]` but found `}`
     [38;5;246m╭[0m[38;5;246m─[0m[38;5;246m[[0m src/data/modules/avaliacaoFinal.js:896:5 [38;5;246m][0m
     [38;5;246m│[0m
 [38;5;246m  7 │[0m [38;5;249m [0m[38;5;249m [0m[38;5;249ml[0m[38;5;249me[0m[38;5;249mv[0m[38;5;249me[0m[38;5;249ml[0m[38;5;249ms[0m[38;5;249m:[0m[38;5;249m [0m[
 [38;5;240m    │[0m           ┬  
 [38;5;240m    │[0m           ╰── Opened here
 [38;5;240m    │[0m 
 [38;5;246m896 │[0m [38;5;249m [0m[38;5;249m [0m[38;5;249m [0m[38;5;249m [0m}
 [38;5;240m    │[0m     ┬  
 [38;5;240m    │[0m     ╰── `,` or `]` expected
[38;5;246m─────╯[0m
[39m
  Plugin: [35mvite:oxc[39m
  File: [36mC:/Users/emilly.kerber/Downloads/Grupos de Produtos/Grupos de Produtos/PortalTreinamentos/src/data/modules/avaliacaoFinal.js[39m
      at transformWithOxc (file:///C:/Users/emilly.kerber/Downloads/Grupos%20de%20Produtos/Grupos%20de%20Produtos/PortalTreinamentos/node_modules/vite/dist/node/chunks/node.js:3340:19)
      at TransformPluginContext.transform (file:///C:/Users/emilly.kerber/Downloads/Grupos%20de%20Produtos/Grupos%20de%20Produtos/PortalTreinamentos/node_modules/vite/dist/node/chunks/node.js:3408:26)
      at EnvironmentPluginContainer.transform (file:///C:/Users/emilly.kerber/Downloads/Grupos%20de%20Produtos/Grupos%20de%20Produtos/PortalTreinamentos/node_modules/vite/dist/node/chunks/node.js:30193:51)
      at async loadAndTransform (file:///C:/Users/emilly.kerber/Downloads/Grupos%20de%20Produtos/Grupos%20de%20Produtos/PortalTreinamentos/node_modules/vite/dist/node/chunks/node.js:24511:26)
      at async viteTransformMiddleware (file:///C:/Users/emilly.kerber/Downloads/Grupos%20de%20Produtos/Grupos%20de%20Produtos/PortalTreinamentos/node_modules/vite/dist/node/chunks/node.js:24305:20)
[2m13:37:47[22m [31m[1m[vite][22m[39m [31m[2m(client)[22m[39m [2m[console.error] [22m[vite] Failed to reload /src/pages/ModuleDetail.jsx. This could be due to syntax errors or importing non-existent modules. (see errors above)
[2m13:37:47[22m [31m[1m[vite][22m[39m [31m[2m(client)[22m[39m [2m[console.error] [22m[vite] Failed to reload /src/pages/AdminProgress.jsx. This could be due to syntax errors or importing non-existent modules. (see errors above)
[2m13:37:47[22m [31m[1m[vite][22m[39m [31m[2m(client)[22m[39m [2m[console.error] [22m[vite] Failed to reload /src/pages/Lesson.jsx. This could be due to syntax errors or importing non-existent modules. (see errors above)
[2m13:37:47[22m [31m[1m[vite][22m[39m [31m[2m(client)[22m[39m [2m[console.error] [22m[vite] Failed to reload /src/pages/Dashboard.jsx. This could be due to syntax errors or importing non-existent modules. (see errors above)
[2m13:37:47[22m [31m[1m[vite][22m[39m [31m[2m(client)[22m[39m [2m[console.error] [22m[vite] Failed to reload /src/pages/Trainings.jsx. This could be due to syntax errors or importing non-existent modules. (see errors above)
[2m13:38:05[22m [31m[1m[vite][22m[39m [31m[2m(client)[22m[39m Pre-transform error: Transform failed with 1 error:

[31m[PARSE_ERROR] Error:[0m Expected `,` or `]` but found `}`
     [38;5;246m╭[0m[38;5;246m─[0m[38;5;246m[[0m src/data/modules/avaliacaoFinal.js:896:5 [38;5;246m][0m
     [38;5;246m│[0m
 [38;5;246m  7 │[0m [38;5;249m [0m[38;5;249m [0m[38;5;249ml[0m[38;5;249me[0m[38;5;249mv[0m[38;5;249me[0m[38;5;249ml[0m[38;5;249ms[0m[38;5;249m:[0m[38;5;249m [0m[
 [38;5;240m    │[0m           ┬  
 [38;5;240m    │[0m           ╰── Opened here
 [38;5;240m    │[0m 
 [38;5;246m896 │[0m [38;5;249m [0m[38;5;249m [0m[38;5;249m [0m[38;5;249m [0m}
 [38;5;240m    │[0m     ┬  
 [38;5;240m    │[0m     ╰── `,` or `]` expected
[38;5;246m─────╯[0m

  Plugin: [35mvite:oxc[39m
  File: [36mC:/Users/emilly.kerber/Downloads/Grupos de Produtos/Grupos de Produtos/PortalTreinamentos/src/data/modules/avaliacaoFinal.js[39m
[2m13:38:05[22m [31m[1m[vite][22m[39m [31mInternal server error: Transform failed with 1 error:

[31m[PARSE_ERROR] Error:[0m Expected `,` or `]` but found `}`
     [38;5;246m╭[0m[38;5;246m─[0m[38;5;246m[[0m src/data/modules/avaliacaoFinal.js:896:5 [38;5;246m][0m
     [38;5;246m│[0m
 [38;5;246m  7 │[0m [38;5;249m [0m[38;5;249m [0m[38;5;249ml[0m[38;5;249me[0m[38;5;249mv[0m[38;5;249me[0m[38;5;249ml[0m[38;5;249ms[0m[38;5;249m:[0m[38;5;249m [0m[
 [38;5;240m    │[0m           ┬  
 [38;5;240m    │[0m           ╰── Opened here
 [38;5;240m    │[0m 
 [38;5;246m896 │[0m [38;5;249m [0m[38;5;249m [0m[38;5;249m [0m[38;5;249m [0m}
 [38;5;240m    │[0m     ┬  
 [38;5;240m    │[0m     ╰── `,` or `]` expected
[38;5;246m─────╯[0m
[39m
  Plugin: [35mvite:oxc[39m
  File: [36mC:/Users/emilly.kerber/Downloads/Grupos de Produtos/Grupos de Produtos/PortalTreinamentos/src/data/modules/avaliacaoFinal.js[39m
      at transformWithOxc (file:///C:/Users/emilly.kerber/Downloads/Grupos%20de%20Produtos/Grupos%20de%20Produtos/PortalTreinamentos/node_modules/vite/dist/node/chunks/node.js:3340:19)
      at TransformPluginContext.transform (file:///C:/Users/emilly.kerber/Downloads/Grupos%20de%20Produtos/Grupos%20de%20Produtos/PortalTreinamentos/node_modules/vite/dist/node/chunks/node.js:3408:26)
      at EnvironmentPluginContainer.transform (file:///C:/Users/emilly.kerber/Downloads/Grupos%20de%20Produtos/Grupos%20de%20Produtos/PortalTreinamentos/node_modules/vite/dist/node/chunks/node.js:30193:51)
      at async loadAndTransform (file:///C:/Users/emilly.kerber/Downloads/Grupos%20de%20Produtos/Grupos%20de%20Produtos/PortalTreinamentos/node_modules/vite/dist/node/chunks/node.js:24511:26)
      at async viteTransformMiddleware (file:///C:/Users/emilly.kerber/Downloads/Grupos%20de%20Produtos/Grupos%20de%20Produtos/PortalTreinamentos/node_modules/vite/dist/node/chunks/node.js:24305:20)
[2m13:38:05[22m [31m[1m[vite][22m[39m [31m[2m(client)[22m[39m [2m[console.error] [22m[vite] Failed to reload /src/pages/AdminProgress.jsx. This could be due to syntax errors or importing non-existent modules. (see errors above)
[2m13:38:05[22m [31m[1m[vite][22m[39m [31m[2m(client)[22m[39m [2m[console.error] [22m[vite] Failed to reload /src/pages/Lesson.jsx. This could be due to syntax errors or importing non-existent modules. (see errors above)
[2m13:38:05[22m [31m[1m[vite][22m[39m [31m[2m(client)[22m[39m [2m[console.error] [22m[vite] Failed to reload /src/pages/ModuleDetail.jsx. This could be due to syntax errors or importing non-existent modules. (see errors above)
[2m13:38:05[22m [31m[1m[vite][22m[39m [31m[2m(client)[22m[39m [2m[console.error] [22m[vite] Failed to reload /src/pages/Dashboard.jsx. This could be due to syntax errors or importing non-existent modules. (see errors above)
[2m13:38:05[22m [31m[1m[vite][22m[39m [31m[2m(client)[22m[39m [2m[console.error] [22m[vite] Failed to reload /src/pages/Trainings.jsx. This could be due to syntax errors or importing non-existent modules. (see errors above)
[2m14:03:45[22m [31m[1m[vite][22m[39m [31m[2m(client)[22m[39m [31m[Unhandled error] [1mReferenceError[22m: CheckCircle is not defined
[39m > Trainings src/pages/Trainings.jsx:19:45
    17 |      { id: 5, title: 'Memórias', icon: Cpu, color: '#ef4444', count: getLevelCount(5), progress: 0 },
    18 |      { id: 6, title: 'SSD', icon: HardDrive, color: '#06b6d4', count: getLevelCount(6), progress: 0 },
    19 |      { id: 8, title: 'Compatibilidade', icon: CheckCircle, color: '#f97316', count: getLevelCount(8), progress: 0 },
       |                                               ^
    20 |      { id: 7, title: 'Avaliação Final Produtos', icon: ClipboardCheck, color: '#14b8a6', count: getLevelCount(7), prog...
    21 |    ];
 > Object.react_stack_bottom_frame node_modules/react-dom/cjs/react-dom-client.development.js:25904:19
 > renderWithHooks node_modules/react-dom/cjs/react-dom-client.development.js:7662:21
 > updateFunctionComponent node_modules/react-dom/cjs/react-dom-client.development.js:10166:18
 > beginWork node_modules/react-dom/cjs/react-dom-client.development.js:11778:17
 > runWithFiberInDEV node_modules/react-dom/cjs/react-dom-client.development.js:871:29
 > performUnitOfWork node_modules/react-dom/cjs/react-dom-client.development.js:17641:21
 > workLoopSync node_modules/react-dom/cjs/react-dom-client.development.js:17469:40
 > renderRootSync node_modules/react-dom/cjs/react-dom-client.development.js:17450:10
 > performWorkOnRoot node_modules/react-dom/cjs/react-dom-client.development.js:16583:34

[2m14:03:45[22m [33m[1m[vite][22m[39m [33m[2m(client)[22m[39m [2m[console.warn] [22mAn error occurred in the <Trainings> component.

Consider adding an error boundary to your tree to customize error handling behavior.
Visit https://react.dev/link/error-boundaries to learn more about error boundaries.

[2m14:04:03[22m [31m[1m[vite][22m[39m [31m[2m(client)[22m[39m [31m[Unhandled error] [1mReferenceError[22m: CheckCircle is not defined
[39m > Trainings src/pages/Trainings.jsx:19:45
    17 |      { id: 5, title: 'Memórias', icon: Cpu, color: '#ef4444', count: getLevelCount(5), progress: 0 },
    18 |      { id: 6, title: 'SSD', icon: HardDrive, color: '#06b6d4', count: getLevelCount(6), progress: 0 },
    19 |      { id: 8, title: 'Compatibilidade', icon: CheckCircle, color: '#f97316', count: getLevelCount(8), progress: 0 },
       |                                               ^
    20 |      { id: 7, title: 'Avaliação Final Produtos', icon: ClipboardCheck, color: '#14b8a6', count: getLevelCount(7), prog...
    21 |    ];
 > Object.react_stack_bottom_frame node_modules/react-dom/cjs/react-dom-client.development.js:25904:19
 > renderWithHooks node_modules/react-dom/cjs/react-dom-client.development.js:7662:21
 > updateFunctionComponent node_modules/react-dom/cjs/react-dom-client.development.js:10166:18
 > beginWork node_modules/react-dom/cjs/react-dom-client.development.js:11778:17
 > runWithFiberInDEV node_modules/react-dom/cjs/react-dom-client.development.js:871:29
 > performUnitOfWork node_modules/react-dom/cjs/react-dom-client.development.js:17641:21
 > workLoopSync node_modules/react-dom/cjs/react-dom-client.development.js:17469:40
 > renderRootSync node_modules/react-dom/cjs/react-dom-client.development.js:17450:10
 > performWorkOnRoot node_modules/react-dom/cjs/react-dom-client.development.js:16583:34

[2m14:04:03[22m [33m[1m[vite][22m[39m [33m[2m(client)[22m[39m [2m[console.warn] [22mAn error occurred in the <Trainings> component.

Consider adding an error boundary to your tree to customize error handling behavior.
Visit https://react.dev/link/error-boundaries to learn more about error boundaries.

[2m14:04:04[22m [31m[1m[vite][22m[39m [31m[2m(client)[22m[39m [31m[Unhandled error] [1mReferenceError[22m: CheckCircle is not defined
[39m > Trainings src/pages/Trainings.jsx:19:45
    17 |      { id: 5, title: 'Memórias', icon: Cpu, color: '#ef4444', count: getLevelCount(5), progress: 0 },
    18 |      { id: 6, title: 'SSD', icon: HardDrive, color: '#06b6d4', count: getLevelCount(6), progress: 0 },
    19 |      { id: 8, title: 'Compatibilidade', icon: CheckCircle, color: '#f97316', count: getLevelCount(8), progress: 0 },
       |                                               ^
    20 |      { id: 7, title: 'Avaliação Final Produtos', icon: ClipboardCheck, color: '#14b8a6', count: getLevelCount(7), prog...
    21 |    ];
 > Object.react_stack_bottom_frame node_modules/react-dom/cjs/react-dom-client.development.js:25904:19
 > renderWithHooks node_modules/react-dom/cjs/react-dom-client.development.js:7662:21
 > updateFunctionComponent node_modules/react-dom/cjs/react-dom-client.development.js:10166:18
 > beginWork node_modules/react-dom/cjs/react-dom-client.development.js:11778:17
 > runWithFiberInDEV node_modules/react-dom/cjs/react-dom-client.development.js:871:29
 > performUnitOfWork node_modules/react-dom/cjs/react-dom-client.development.js:17641:21
 > workLoopSync node_modules/react-dom/cjs/react-dom-client.development.js:17469:40
 > renderRootSync node_modules/react-dom/cjs/react-dom-client.development.js:17450:10
 > performWorkOnRoot node_modules/react-dom/cjs/react-dom-client.development.js:16583:34

[2m14:04:04[22m [33m[1m[vite][22m[39m [33m[2m(client)[22m[39m [2m[console.warn] [22mAn error occurred in the <Trainings> component.

Consider adding an error boundary to your tree to customize error handling behavior.
Visit https://react.dev/link/error-boundaries to learn more about error boundaries.

[2m14:04:05[22m [31m[1m[vite][22m[39m [31m[2m(client)[22m[39m [31m[Unhandled error] [1mReferenceError[22m: CheckCircle is not defined
[39m > Trainings src/pages/Trainings.jsx:19:45
    17 |      { id: 5, title: 'Memórias', icon: Cpu, color: '#ef4444', count: getLevelCount(5), progress: 0 },
    18 |      { id: 6, title: 'SSD', icon: HardDrive, color: '#06b6d4', count: getLevelCount(6), progress: 0 },
    19 |      { id: 8, title: 'Compatibilidade', icon: CheckCircle, color: '#f97316', count: getLevelCount(8), progress: 0 },
       |                                               ^
    20 |      { id: 7, title: 'Avaliação Final Produtos', icon: ClipboardCheck, color: '#14b8a6', count: getLevelCount(7), prog...
    21 |    ];
 > Object.react_stack_bottom_frame node_modules/react-dom/cjs/react-dom-client.development.js:25904:19
 > renderWithHooks node_modules/react-dom/cjs/react-dom-client.development.js:7662:21
 > updateFunctionComponent node_modules/react-dom/cjs/react-dom-client.development.js:10166:18
 > beginWork node_modules/react-dom/cjs/react-dom-client.development.js:11778:17
 > runWithFiberInDEV node_modules/react-dom/cjs/react-dom-client.development.js:871:29
 > performUnitOfWork node_modules/react-dom/cjs/react-dom-client.development.js:17641:21
 > workLoopSync node_modules/react-dom/cjs/react-dom-client.development.js:17469:40
 > renderRootSync node_modules/react-dom/cjs/react-dom-client.development.js:17450:10
 > performWorkOnRoot node_modules/react-dom/cjs/react-dom-client.development.js:16583:34

[2m14:04:05[22m [33m[1m[vite][22m[39m [33m[2m(client)[22m[39m [2m[console.warn] [22mAn error occurred in the <Trainings> component.

Consider adding an error boundary to your tree to customize error handling behavior.
Visit https://react.dev/link/error-boundaries to learn more about error boundaries.

[2m14:04:05[22m [31m[1m[vite][22m[39m [31m[2m(client)[22m[39m [31m[Unhandled error] [1mReferenceError[22m: CheckCircle is not defined
[39m > Trainings src/pages/Trainings.jsx:19:45
    17 |      { id: 5, title: 'Memórias', icon: Cpu, color: '#ef4444', count: getLevelCount(5), progress: 0 },
    18 |      { id: 6, title: 'SSD', icon: HardDrive, color: '#06b6d4', count: getLevelCount(6), progress: 0 },
    19 |      { id: 8, title: 'Compatibilidade', icon: CheckCircle, color: '#f97316', count: getLevelCount(8), progress: 0 },
       |                                               ^
    20 |      { id: 7, title: 'Avaliação Final Produtos', icon: ClipboardCheck, color: '#14b8a6', count: getLevelCount(7), prog...
    21 |    ];
 > Object.react_stack_bottom_frame node_modules/react-dom/cjs/react-dom-client.development.js:25904:19
 > renderWithHooks node_modules/react-dom/cjs/react-dom-client.development.js:7662:21
 > updateFunctionComponent node_modules/react-dom/cjs/react-dom-client.development.js:10166:18
 > beginWork node_modules/react-dom/cjs/react-dom-client.development.js:11778:17
 > runWithFiberInDEV node_modules/react-dom/cjs/react-dom-client.development.js:871:29
 > performUnitOfWork node_modules/react-dom/cjs/react-dom-client.development.js:17641:21
 > workLoopSync node_modules/react-dom/cjs/react-dom-client.development.js:17469:40
 > renderRootSync node_modules/react-dom/cjs/react-dom-client.development.js:17450:10
 > performWorkOnRoot node_modules/react-dom/cjs/react-dom-client.development.js:16583:34

[2m14:04:05[22m [33m[1m[vite][22m[39m [33m[2m(client)[22m[39m [2m[console.warn] [22mAn error occurred in the <Trainings> component.

Consider adding an error boundary to your tree to customize error handling behavior.
Visit https://react.dev/link/error-boundaries to learn more about error boundaries.

[2m14:04:05[22m [31m[1m[vite][22m[39m [31m[2m(client)[22m[39m [31m[Unhandled error] [1mReferenceError[22m: CheckCircle is not defined
[39m > Trainings src/pages/Trainings.jsx:19:45
    17 |      { id: 5, title: 'Memórias', icon: Cpu, color: '#ef4444', count: getLevelCount(5), progress: 0 },
    18 |      { id: 6, title: 'SSD', icon: HardDrive, color: '#06b6d4', count: getLevelCount(6), progress: 0 },
    19 |      { id: 8, title: 'Compatibilidade', icon: CheckCircle, color: '#f97316', count: getLevelCount(8), progress: 0 },
       |                                               ^
    20 |      { id: 7, title: 'Avaliação Final Produtos', icon: ClipboardCheck, color: '#14b8a6', count: getLevelCount(7), prog...
    21 |    ];
 > Object.react_stack_bottom_frame node_modules/react-dom/cjs/react-dom-client.development.js:25904:19
 > renderWithHooks node_modules/react-dom/cjs/react-dom-client.development.js:7662:21
 > updateFunctionComponent node_modules/react-dom/cjs/react-dom-client.development.js:10166:18
 > beginWork node_modules/react-dom/cjs/react-dom-client.development.js:11778:17
 > runWithFiberInDEV node_modules/react-dom/cjs/react-dom-client.development.js:871:29
 > performUnitOfWork node_modules/react-dom/cjs/react-dom-client.development.js:17641:21
 > workLoopSync node_modules/react-dom/cjs/react-dom-client.development.js:17469:40
 > renderRootSync node_modules/react-dom/cjs/react-dom-client.development.js:17450:10
 > performWorkOnRoot node_modules/react-dom/cjs/react-dom-client.development.js:16583:34

[2m14:04:05[22m [33m[1m[vite][22m[39m [33m[2m(client)[22m[39m [2m[console.warn] [22mAn error occurred in the <Trainings> component.

Consider adding an error boundary to your tree to customize error handling behavior.
Visit https://react.dev/link/error-boundaries to learn more about error boundaries.

[2m14:04:06[22m [31m[1m[vite][22m[39m [31m[2m(client)[22m[39m [31m[Unhandled error] [1mReferenceError[22m: CheckCircle is not defined
[39m > Trainings src/pages/Trainings.jsx:19:45
    17 |      { id: 5, title: 'Memórias', icon: Cpu, color: '#ef4444', count: getLevelCount(5), progress: 0 },
    18 |      { id: 6, title: 'SSD', icon: HardDrive, color: '#06b6d4', count: getLevelCount(6), progress: 0 },
    19 |      { id: 8, title: 'Compatibilidade', icon: CheckCircle, color: '#f97316', count: getLevelCount(8), progress: 0 },
       |                                               ^
    20 |      { id: 7, title: 'Avaliação Final Produtos', icon: ClipboardCheck, color: '#14b8a6', count: getLevelCount(7), prog...
    21 |    ];
 > Object.react_stack_bottom_frame node_modules/react-dom/cjs/react-dom-client.development.js:25904:19
 > renderWithHooks node_modules/react-dom/cjs/react-dom-client.development.js:7662:21
 > updateFunctionComponent node_modules/react-dom/cjs/react-dom-client.development.js:10166:18
 > beginWork node_modules/react-dom/cjs/react-dom-client.development.js:11778:17
 > runWithFiberInDEV node_modules/react-dom/cjs/react-dom-client.development.js:871:29
 > performUnitOfWork node_modules/react-dom/cjs/react-dom-client.development.js:17641:21
 > workLoopSync node_modules/react-dom/cjs/react-dom-client.development.js:17469:40
 > renderRootSync node_modules/react-dom/cjs/react-dom-client.development.js:17450:10
 > performWorkOnRoot node_modules/react-dom/cjs/react-dom-client.development.js:16583:34

[2m14:04:06[22m [33m[1m[vite][22m[39m [33m[2m(client)[22m[39m [2m[console.warn] [22mAn error occurred in the <Trainings> component.

Consider adding an error boundary to your tree to customize error handling behavior.
Visit https://react.dev/link/error-boundaries to learn more about error boundaries.

[2m14:04:06[22m [31m[1m[vite][22m[39m [31m[2m(client)[22m[39m [31m[Unhandled error] [1mReferenceError[22m: CheckCircle is not defined
[39m > Trainings src/pages/Trainings.jsx:19:45
    17 |      { id: 5, title: 'Memórias', icon: Cpu, color: '#ef4444', count: getLevelCount(5), progress: 0 },
    18 |      { id: 6, title: 'SSD', icon: HardDrive, color: '#06b6d4', count: getLevelCount(6), progress: 0 },
    19 |      { id: 8, title: 'Compatibilidade', icon: CheckCircle, color: '#f97316', count: getLevelCount(8), progress: 0 },
       |                                               ^
    20 |      { id: 7, title: 'Avaliação Final Produtos', icon: ClipboardCheck, color: '#14b8a6', count: getLevelCount(7), prog...
    21 |    ];
 > Object.react_stack_bottom_frame node_modules/react-dom/cjs/react-dom-client.development.js:25904:19
 > renderWithHooks node_modules/react-dom/cjs/react-dom-client.development.js:7662:21
 > updateFunctionComponent node_modules/react-dom/cjs/react-dom-client.development.js:10166:18
 > beginWork node_modules/react-dom/cjs/react-dom-client.development.js:11778:17
 > runWithFiberInDEV node_modules/react-dom/cjs/react-dom-client.development.js:871:29
 > performUnitOfWork node_modules/react-dom/cjs/react-dom-client.development.js:17641:21
 > workLoopSync node_modules/react-dom/cjs/react-dom-client.development.js:17469:40
 > renderRootSync node_modules/react-dom/cjs/react-dom-client.development.js:17450:10
 > performWorkOnRoot node_modules/react-dom/cjs/react-dom-client.development.js:16583:34

[2m14:04:06[22m [33m[1m[vite][22m[39m [33m[2m(client)[22m[39m [2m[console.warn] [22mAn error occurred in the <Trainings> component.

Consider adding an error boundary to your tree to customize error handling behavior.
Visit https://react.dev/link/error-boundaries to learn more about error boundaries.

[2m14:04:06[22m [31m[1m[vite][22m[39m [31m[2m(client)[22m[39m [31m[Unhandled error] [1mReferenceError[22m: CheckCircle is not defined
[39m > Trainings src/pages/Trainings.jsx:19:45
    17 |      { id: 5, title: 'Memórias', icon: Cpu, color: '#ef4444', count: getLevelCount(5), progress: 0 },
    18 |      { id: 6, title: 'SSD', icon: HardDrive, color: '#06b6d4', count: getLevelCount(6), progress: 0 },
    19 |      { id: 8, title: 'Compatibilidade', icon: CheckCircle, color: '#f97316', count: getLevelCount(8), progress: 0 },
       |                                               ^
    20 |      { id: 7, title: 'Avaliação Final Produtos', icon: ClipboardCheck, color: '#14b8a6', count: getLevelCount(7), prog...
    21 |    ];
 > Object.react_stack_bottom_frame node_modules/react-dom/cjs/react-dom-client.development.js:25904:19
 > renderWithHooks node_modules/react-dom/cjs/react-dom-client.development.js:7662:21
 > updateFunctionComponent node_modules/react-dom/cjs/react-dom-client.development.js:10166:18
 > beginWork node_modules/react-dom/cjs/react-dom-client.development.js:11778:17
 > runWithFiberInDEV node_modules/react-dom/cjs/react-dom-client.development.js:871:29
 > performUnitOfWork node_modules/react-dom/cjs/react-dom-client.development.js:17641:21
 > workLoopSync node_modules/react-dom/cjs/react-dom-client.development.js:17469:40
 > renderRootSync node_modules/react-dom/cjs/react-dom-client.development.js:17450:10
 > performWorkOnRoot node_modules/react-dom/cjs/react-dom-client.development.js:16583:34

[2m14:04:06[22m [33m[1m[vite][22m[39m [33m[2m(client)[22m[39m [2m[console.warn] [22mAn error occurred in the <Trainings> component.

Consider adding an error boundary to your tree to customize error handling behavior.
Visit https://react.dev/link/error-boundaries to learn more about error boundaries.

